// Jest Snapshot v1, https://goo.gl/fbAQLP

exports[`<RangeDatePicker/> shallow test should render without crash 1`] = `
<Picker
  portal={false}
  renderContents={[Function]}
  renderTrigger={[Function]}
/>
`;
